
########## DRY-RUN (비파괴, kill 없음) 2026-08-13 02:25:21 KST ##########
드라이버 경로 = /opt/hmb/ac5-batch-driver.sh
드라이버 md5  = 771303494583c47609cb2c79287f2a7a
  [DRY-RUN 스냅샷 @ KST 2026-08-13 02:25:21 KST / UTC 2026-08-12T17:25:21Z]
    date -u                  = Wed Aug 12 17:25:21 UTC 2026
    date (KST)               = 2026-08-13 02:25:21 KST
    systemctl show -p NextElapseUSecRealtime = '<비어있음>'
    systemctl show -p LastTriggerUSec         = Thu 2026-08-13 02:25:06 KST
      (모노토닉 OnUnitActiveSec 타이머라 Realtime 필드가 원래 비어 있다 — list-timers 로 위상을 다시 잰다)
    다음 워치독 틱까지 남은 초 (list-timers 파생) = 45s
    dist-current index.html md5   = c393db8e3ad39e48ef8b905a32cf956a
    dist-current index.html mtime = 2026-08-13 00:03:21 KST
    dist-current 캐시 나이        = 142 분
    backend :18080/internal/health = 401 0.002058s
    runner  :18790/health          = 200 0.001324s
    죽일 cloudflared PID = 38304
    현재 터널 URL       = https://authorities-consultancy-liverpool-farming.trycloudflare.com
    live(hmb-online) config.json (kill 전) = {
  "apiBase": "https://holly-satisfied-measures-refine.trycloudflare.com",
  "updatedAt": "2026-08-11T13:26:14Z",
  "source": "heal"
}
########## DRY-RUN 종료 2026-08-13 02:25:21 KST ##########

########## DRY-RUN (비파괴, kill 없음) 2026-08-13 02:25:53 KST ##########
드라이버 경로 = /opt/hmb/ac5-batch-driver.sh
드라이버 md5  = 97a2949e011a1b9360e66b919281a0dc
  [DRY-RUN 스냅샷 @ KST 2026-08-13 02:25:53 KST / UTC 2026-08-12T17:25:53Z]
    date -u                  = Wed Aug 12 17:25:53 UTC 2026
    date (KST)               = 2026-08-13 02:25:53 KST
    systemctl show -p NextElapseUSecRealtime = '<비어있음>'
    systemctl show -p LastTriggerUSec         = Thu 2026-08-13 02:25:06 KST
      (모노토닉 OnUnitActiveSec 타이머라 Realtime 필드가 원래 비어 있다 — list-timers 로 위상을 다시 잰다)
    다음 워치독 틱까지 남은 초 (list-timers 파생) = 13s
    dist-current index.html md5   = c393db8e3ad39e48ef8b905a32cf956a
    dist-current index.html mtime = 2026-08-13 00:03:21 KST
    dist-current 캐시 나이        = 142 분
    backend :18080/internal/health = 401 0.002263s
    runner  :18790/health          = 200 0.001342s
    죽일 cloudflared PID = 38304
    현재 터널 URL       = https://authorities-consultancy-liverpool-farming.trycloudflare.com
    live(hmb-online) config.json (kill 전) = {
  "apiBase": "https://holly-satisfied-measures-refine.trycloudflare.com",
  "updatedAt": "2026-08-11T13:26:14Z",
  "source": "heal"
}
########## DRY-RUN 종료 2026-08-13 02:25:53 KST ##########

########## DRY-RUN (비파괴, kill 없음) 2026-08-13 02:26:54 KST ##########
드라이버 경로 = /opt/hmb/ac5-batch-driver.sh
드라이버 md5  = deadf90f009412d1b0434efb492839f2
  [DRY-RUN 스냅샷 @ KST 2026-08-13 02:26:54 KST / UTC 2026-08-12T17:26:54Z]
    date -u                  = Wed Aug 12 17:26:54 UTC 2026
    date (KST)               = 2026-08-13 02:26:54 KST
    systemctl show -p NextElapseUSecRealtime = '<비어있음>'
    systemctl show -p LastTriggerUSec         = Thu 2026-08-13 02:26:11 KST
      (모노토닉 OnUnitActiveSec 타이머라 Realtime 필드가 원래 비어 있다 — list-timers 로 위상을 다시 잰다)
    다음 워치독 틱까지 남은 초 (list-timers 파생) = 17s
    dist-current index.html md5   = c393db8e3ad39e48ef8b905a32cf956a
    dist-current index.html mtime = 2026-08-13 00:03:21 KST
    dist-current 캐시 나이        = 143 분
    backend :18080/internal/health = 401 0.001956s
    runner  :18790/health          = 200 0.001427s
    죽일 cloudflared PID = 38304
    현재 터널 URL       = https://authorities-consultancy-liverpool-farming.trycloudflare.com
    live(hmb-online) config.json (kill 전) = {
  "apiBase": "https://holly-satisfied-measures-refine.trycloudflare.com",
  "updatedAt": "2026-08-11T13:26:14Z",
  "source": "heal"
}
########## DRY-RUN 종료 2026-08-13 02:26:54 KST ##########

==================================================================
=== AC5 재현 배치 드라이버 시작 2026-08-13 02:27:14 KST / 2026-08-12T17:27:14Z ===
  드라이버 경로 = /opt/hmb/ac5-batch-driver.sh
  드라이버 md5  = deadf90f009412d1b0434efb492839f2
  host = DESKTOP-OHCRL7O
  직전 배치 마지막 치유 기준시각 = 2026-08-13 01:05:54 KST (+2h 게이트)
  계획:
    R6 @ 2026-08-13 03:05:54 KST
    R7 @ 2026-08-13 05:05:54 KST
    R8 @ 2026-08-13 07:05:54 KST
    R9 @ 2026-08-13 09:05:54 KST (최악 위상, ~59s)
  heal.conf(출하) = export PAGES_PROJECT=hmb-online-lab
  대기 중 — 2026-08-13 02:27:14 KST 부터 38분 2320s 뒤 시작

==================================================================
=== R6 시작 2026-08-13 03:05:54 KST / 2026-08-12T18:05:54Z ===
  worst_phase = 0
  [R6 kill-직전 스냅샷 @ KST 2026-08-13 03:05:54 KST / UTC 2026-08-12T18:05:54Z]
    date -u                  = Wed Aug 12 18:05:54 UTC 2026
    date (KST)               = 2026-08-13 03:05:54 KST
    systemctl show -p NextElapseUSecRealtime = '<비어있음>'
    systemctl show -p LastTriggerUSec         = Thu 2026-08-13 03:05:06 KST
      (모노토닉 OnUnitActiveSec 타이머라 Realtime 필드가 원래 비어 있다 — list-timers 로 위상을 다시 잰다)
    다음 워치독 틱까지 남은 초 (list-timers 파생) = 12s
    dist-current index.html md5   = c393db8e3ad39e48ef8b905a32cf956a
    dist-current index.html mtime = 2026-08-13 00:03:21 KST
    dist-current 캐시 나이        = 182 분
    backend :18080/internal/health = 401 0.002264s
    runner  :18790/health          = 200 0.001433s
    죽일 cloudflared PID = 38304
    현재 터널 URL       = https://authorities-consultancy-liverpool-farming.trycloudflare.com
    live(hmb-online) config.json (kill 전) = {
  "apiBase": "https://holly-satisfied-measures-refine.trycloudflare.com",
  "updatedAt": "2026-08-11T13:26:14Z",
  "source": "heal"
}
  ▶ kill -9 38304  @ 2026-08-13 03:05:54 KST / 2026-08-12T18:05:54Z  (T0, old_url=https://authorities-consultancy-liverpool-farming.trycloudflare.com) — PID 로만, pkill 금지
  t=+32s (폴링 1s, ±1s)  새 URL = https://extension-percent-snowboard-gis.trycloudflare.com  (pid=79392)
  t=+47s (폴링 2s, ±2s + curl 왕복)  ✓ lab 전파 도달 검출 @ 2026-08-13 03:06:41 KST / 2026-08-12T18:06:41Z
    lab config.json (전파검출 직후 재조회 @ 2026-08-13 03:06:41 KST / 2026-08-12T18:06:41Z) = {
  "apiBase": "https://authorities-consultancy-liverpool-farming.trycloudflare.com",
  "updatedAt": "2026-08-12T16:05:35Z",
  "source": "heal"
}
    lab config.json (+20s 재조회 @ 2026-08-13 03:07:02 KST / 2026-08-12T18:07:02Z) = {
  "apiBase": "https://extension-percent-snowboard-gis.trycloudflare.com",
  "updatedAt": "2026-08-12T18:06:32Z",
  "source": "heal"
}
    이 회차가 만든 lab 배포 ID (조회 @ 2026-08-13 03:07:03 KST) = 872a18bc-88bf-4a53-a01c-e3315919adda
    HEAL_OK 이벤트(이 회차 구간):
      1786558010	2026-08-12T18:06:50Z	HEAL_OK	old=https://authorities-consultancy-liverpool-farming.trycloudflare.com new=https://extension-percent-snowboard-gis.trycloudflare.com
    live(hmb-online) config.json (kill 전) = {
    live(hmb-online) config.json (kill 후) = {
  "apiBase": "https://holly-satisfied-measures-refine.trycloudflare.com",
  "updatedAt": "2026-08-11T13:26:14Z",
  "source": "heal"
}
    live apiBase 무변경 = ⚠️ NO 또는 조회 실패 — 즉시 확인 필요 (전 후 값 위 참조)
    DEGRADED 마커 존재 = 0 (0 이어야)
    PUBLISH_UNVERIFIED 건수(이 회차 구간) = 0
    source 필드 = heal (heal 이어야)
=== R6 종료 2026-08-13 03:07:03 KST / 2026-08-12T18:07:03Z ===
  대기 중 — 2026-08-13 03:07:03 KST 부터 118분 7131s 뒤 시작

==================================================================
=== R7 시작 2026-08-13 05:05:54 KST / 2026-08-12T20:05:54Z ===
  worst_phase = 0
  [R7 kill-직전 스냅샷 @ KST 2026-08-13 05:05:54 KST / UTC 2026-08-12T20:05:54Z]
    date -u                  = Wed Aug 12 20:05:54 UTC 2026
    date (KST)               = 2026-08-13 05:05:54 KST
    systemctl show -p NextElapseUSecRealtime = '<비어있음>'
    systemctl show -p LastTriggerUSec         = Thu 2026-08-13 05:05:51 KST
      (모노토닉 OnUnitActiveSec 타이머라 Realtime 필드가 원래 비어 있다 — list-timers 로 위상을 다시 잰다)
    다음 워치독 틱까지 남은 초 (list-timers 파생) = 57s
    dist-current index.html md5   = c393db8e3ad39e48ef8b905a32cf956a
    dist-current index.html mtime = 2026-08-13 00:03:21 KST
    dist-current 캐시 나이        = 302 분
    backend :18080/internal/health = 401 0.001980s
    runner  :18790/health          = 200 0.001506s
    죽일 cloudflared PID = 79392
    현재 터널 URL       = https://extension-percent-snowboard-gis.trycloudflare.com
    live(hmb-online) config.json (kill 전) = {
  "apiBase": "https://holly-satisfied-measures-refine.trycloudflare.com",
  "updatedAt": "2026-08-11T13:26:14Z",
  "source": "heal"
}
  ▶ kill -9 79392  @ 2026-08-13 05:05:54 KST / 2026-08-12T20:05:54Z  (T0, old_url=https://extension-percent-snowboard-gis.trycloudflare.com) — PID 로만, pkill 금지
  t=+78s (폴링 1s, ±1s)  새 URL = https://vip-colleagues-slope-discover.trycloudflare.com  (pid=118571)
  t=+95s (폴링 2s, ±2s + curl 왕복)  ✓ lab 전파 도달 검출 @ 2026-08-13 05:07:29 KST / 2026-08-12T20:07:29Z
    lab config.json (전파검출 직후 재조회 @ 2026-08-13 05:07:29 KST / 2026-08-12T20:07:29Z) = {
  "apiBase": "https://vip-colleagues-slope-discover.trycloudflare.com",
  "updatedAt": "2026-08-12T20:07:19Z",
  "source": "heal"
}
    lab config.json (+20s 재조회 @ 2026-08-13 05:07:49 KST / 2026-08-12T20:07:49Z) = {
  "apiBase": "https://vip-colleagues-slope-discover.trycloudflare.com",
  "updatedAt": "2026-08-12T20:07:19Z",
  "source": "heal"
}
    이 회차가 만든 lab 배포 ID (조회 @ 2026-08-13 05:07:51 KST) = 91b99c5a-9433-4982-8c70-e089008f31af
    HEAL_OK 이벤트(이 회차 구간):
      1786565249	2026-08-12T20:07:29Z	HEAL_OK	old=https://extension-percent-snowboard-gis.trycloudflare.com new=https://vip-colleagues-slope-discover.trycloudflare.com
    live(hmb-online) config.json (kill 전) = {
    live(hmb-online) config.json (kill 후) = {
  "apiBase": "https://holly-satisfied-measures-refine.trycloudflare.com",
  "updatedAt": "2026-08-11T13:26:14Z",
  "source": "heal"
}
    live apiBase 무변경 = ⚠️ NO 또는 조회 실패 — 즉시 확인 필요 (전 후 값 위 참조)
    DEGRADED 마커 존재 = 0 (0 이어야)
    PUBLISH_UNVERIFIED 건수(이 회차 구간) = 0
    source 필드 = heal (heal 이어야)
=== R7 종료 2026-08-13 05:07:51 KST / 2026-08-12T20:07:51Z ===
  대기 중 — 2026-08-13 05:07:51 KST 부터 118분 7083s 뒤 시작

==================================================================
=== R8 시작 2026-08-13 07:05:54 KST / 2026-08-12T22:05:54Z ===
  worst_phase = 0
  [R8 kill-직전 스냅샷 @ KST 2026-08-13 07:05:54 KST / UTC 2026-08-12T22:05:54Z]
    date -u                  = Wed Aug 12 22:05:54 UTC 2026
    date (KST)               = 2026-08-13 07:05:54 KST
    systemctl show -p NextElapseUSecRealtime = '<비어있음>'
    systemctl show -p LastTriggerUSec         = Thu 2026-08-13 07:05:41 KST
      (모노토닉 OnUnitActiveSec 타이머라 Realtime 필드가 원래 비어 있다 — list-timers 로 위상을 다시 잰다)
    다음 워치독 틱까지 남은 초 (list-timers 파생) = 47s
    dist-current index.html md5   = c393db8e3ad39e48ef8b905a32cf956a
    dist-current index.html mtime = 2026-08-13 00:03:21 KST
    dist-current 캐시 나이        = 422 분
    backend :18080/internal/health = 401 0.002657s
    runner  :18790/health          = 200 0.001511s
    죽일 cloudflared PID = 118571
    현재 터널 URL       = https://vip-colleagues-slope-discover.trycloudflare.com
    live(hmb-online) config.json (kill 전) = {
  "apiBase": "https://holly-satisfied-measures-refine.trycloudflare.com",
  "updatedAt": "2026-08-11T13:26:14Z",
  "source": "heal"
}
  ▶ kill -9 118571  @ 2026-08-13 07:05:54 KST / 2026-08-12T22:05:54Z  (T0, old_url=https://vip-colleagues-slope-discover.trycloudflare.com) — PID 로만, pkill 금지
  t=+67s (폴링 1s, ±1s)  새 URL = https://unfortunately-gamma-delete-animation.trycloudflare.com  (pid=157516)
  t=+80s (폴링 2s, ±2s + curl 왕복)  ✓ lab 전파 도달 검출 @ 2026-08-13 07:07:14 KST / 2026-08-12T22:07:14Z
    lab config.json (전파검출 직후 재조회 @ 2026-08-13 07:07:14 KST / 2026-08-12T22:07:14Z) = {
  "apiBase": "https://unfortunately-gamma-delete-animation.trycloudflare.com",
  "updatedAt": "2026-08-12T22:07:07Z",
  "source": "heal"
}
    lab config.json (+20s 재조회 @ 2026-08-13 07:07:34 KST / 2026-08-12T22:07:34Z) = {
  "apiBase": "https://unfortunately-gamma-delete-animation.trycloudflare.com",
  "updatedAt": "2026-08-12T22:07:07Z",
  "source": "heal"
}
    이 회차가 만든 lab 배포 ID (조회 @ 2026-08-13 07:07:36 KST) = 80a4ebf9-65a4-44b8-b2c3-216f22df6e76
    HEAL_OK 이벤트(이 회차 구간):
      1786572434	2026-08-12T22:07:14Z	HEAL_OK	old=https://vip-colleagues-slope-discover.trycloudflare.com new=https://unfortunately-gamma-delete-animation.trycloudflare.com
    live(hmb-online) config.json (kill 전) = {
    live(hmb-online) config.json (kill 후) = {
  "apiBase": "https://holly-satisfied-measures-refine.trycloudflare.com",
  "updatedAt": "2026-08-11T13:26:14Z",
  "source": "heal"
}
    live apiBase 무변경 = ⚠️ NO 또는 조회 실패 — 즉시 확인 필요 (전 후 값 위 참조)
    DEGRADED 마커 존재 = 0 (0 이어야)
    PUBLISH_UNVERIFIED 건수(이 회차 구간) = 0
    source 필드 = heal (heal 이어야)
=== R8 종료 2026-08-13 07:07:36 KST / 2026-08-12T22:07:36Z ===
  대기 중 — 2026-08-13 07:07:36 KST 부터 118분 7098s 뒤 시작

==================================================================
=== R9 시작 2026-08-13 09:05:54 KST / 2026-08-13T00:05:54Z ===
  worst_phase = 1
  [R9 사전확인(위상대기 전, kill 아님) 스냅샷 @ KST 2026-08-13 09:05:54 KST / UTC 2026-08-13T00:05:54Z]
    date -u                  = Thu Aug 13 00:05:54 UTC 2026
    date (KST)               = 2026-08-13 09:05:54 KST
    systemctl show -p NextElapseUSecRealtime = '<비어있음>'
    systemctl show -p LastTriggerUSec         = Thu 2026-08-13 09:05:21 KST
      (모노토닉 OnUnitActiveSec 타이머라 Realtime 필드가 원래 비어 있다 — list-timers 로 위상을 다시 잰다)
    다음 워치독 틱까지 남은 초 (list-timers 파생) = 27s
    dist-current index.html md5   = c393db8e3ad39e48ef8b905a32cf956a
    dist-current index.html mtime = 2026-08-13 00:03:21 KST
    dist-current 캐시 나이        = 542 분
    backend :18080/internal/health = 401 0.002121s
    runner  :18790/health          = 200 0.001409s
    죽일 cloudflared PID = 157516
    현재 터널 URL       = https://unfortunately-gamma-delete-animation.trycloudflare.com
    live(hmb-online) config.json (kill 전) = {
  "apiBase": "https://holly-satisfied-measures-refine.trycloudflare.com",
  "updatedAt": "2026-08-11T13:26:14Z",
  "source": "heal"
}
  [R9 위상대기] 기준 LastTriggerUSec = Thu 2026-08-13 09:05:21 KST — 다음 발화를 폴링으로 기다린다 (2s 간격)
  [R9 위상대기] 발화 감지 @ 2026-08-13 09:06:22 KST (대기 28s) — LastTriggerUSec = Thu 2026-08-13 09:06:22 KST
  [R9 위상대기] +1s 경과 @ 2026-08-13 09:06:23 KST — 이 지점에서 kill (목표 위상 ≈59s)
  [R9 kill-직전(위상조정후) 스냅샷 @ KST 2026-08-13 09:06:23 KST / UTC 2026-08-13T00:06:23Z]
    date -u                  = Thu Aug 13 00:06:23 UTC 2026
    date (KST)               = 2026-08-13 09:06:23 KST
    systemctl show -p NextElapseUSecRealtime = '<비어있음>'
    systemctl show -p LastTriggerUSec         = Thu 2026-08-13 09:06:22 KST
      (모노토닉 OnUnitActiveSec 타이머라 Realtime 필드가 원래 비어 있다 — list-timers 로 위상을 다시 잰다)
    다음 워치독 틱까지 남은 초 = <list-timers 파싱 실패>
    dist-current index.html md5   = c393db8e3ad39e48ef8b905a32cf956a
    dist-current index.html mtime = 2026-08-13 00:03:21 KST
    dist-current 캐시 나이        = 543 분
    backend :18080/internal/health = 401 0.002501s
    runner  :18790/health          = 200 0.001821s
    죽일 cloudflared PID = 157516
    현재 터널 URL       = https://unfortunately-gamma-delete-animation.trycloudflare.com
    live(hmb-online) config.json (kill 전) = {
  "apiBase": "https://holly-satisfied-measures-refine.trycloudflare.com",
  "updatedAt": "2026-08-11T13:26:14Z",
  "source": "heal"
}
  ▶ kill -9 157516  @ 2026-08-13 09:06:24 KST / 2026-08-13T00:06:24Z  (T0, old_url=https://unfortunately-gamma-delete-animation.trycloudflare.com) — PID 로만, pkill 금지
  t=+78s (폴링 1s, ±1s)  새 URL = https://physicians-imported-summit-helpful.trycloudflare.com  (pid=196778)
  t=+94s (폴링 2s, ±2s + curl 왕복)  ✓ lab 전파 도달 검출 @ 2026-08-13 09:07:58 KST / 2026-08-13T00:07:58Z
    lab config.json (전파검출 직후 재조회 @ 2026-08-13 09:07:58 KST / 2026-08-13T00:07:58Z) = {
  "apiBase": "https://physicians-imported-summit-helpful.trycloudflare.com",
  "updatedAt": "2026-08-13T00:07:50Z",
  "source": "heal"
}
    lab config.json (+20s 재조회 @ 2026-08-13 09:08:18 KST / 2026-08-13T00:08:18Z) = {
  "apiBase": "https://physicians-imported-summit-helpful.trycloudflare.com",
  "updatedAt": "2026-08-13T00:07:50Z",
  "source": "heal"
}
    이 회차가 만든 lab 배포 ID (조회 @ 2026-08-13 09:08:19 KST) = 9e5b2393-0cb0-4b05-b965-f4c0457cf110
    HEAL_OK 이벤트(이 회차 구간):
      1786579680	2026-08-13T00:08:00Z	HEAL_OK	old=https://unfortunately-gamma-delete-animation.trycloudflare.com new=https://physicians-imported-summit-helpful.trycloudflare.com
    live(hmb-online) config.json (kill 전) = {
    live(hmb-online) config.json (kill 후) = {
  "apiBase": "https://holly-satisfied-measures-refine.trycloudflare.com",
  "updatedAt": "2026-08-11T13:26:14Z",
  "source": "heal"
}
    live apiBase 무변경 = ⚠️ NO 또는 조회 실패 — 즉시 확인 필요 (전 후 값 위 참조)
    DEGRADED 마커 존재 = 0 (0 이어야)
    PUBLISH_UNVERIFIED 건수(이 회차 구간) = 0
    source 필드 = heal (heal 이어야)
=== R9 종료 2026-08-13 09:08:20 KST / 2026-08-13T00:08:20Z ===

==================================================================
=== AC5_BATCH_R6toR9_COMPLETE 2026-08-13 09:08:20 KST / 2026-08-13T00:08:20Z ===
