# #483 패널 수리 R1 — v2.8.1 (2026-08-10)

패널 판정: **refuted 2 / upheld 1 = FAIL**. blocker A(작명) 수리 + blocker B(증빙 명제) 정정.

## 1. blocker A — 캐리오버 수리

원본 실명 → v2.8(출하됨) → v2.8.1

  P135  앙헬 고메스           → 앙헬로 킨타 🔴  → 엘리안 킨타      (부류④ given 캐리오버)
  P096  알렉시스 맥 알리스터  → 알렉 페르잔 🔴  → 네스토르 페르잔  (같은 부류, v2.7 활성·보유 212명)
  P084  마누엘 아칸지         → 실반 로이터 ⚠️  → 실반 마흘러      (부류③ ≈Stefan Reuter, 2차 충돌)
  P082  파우 토레스           → 아리츠 바르셀 ⚠️ → 제로니 바르셀    (부류③ ≈Aritz Aduriz)

## 2. 눈 대조 → 기계 계약

assertNoSelfNameCarryover: 새 이름의 어떤 토큰도 그 행이 대체한 실명의 토큰과 접두 관계 금지.

  변이체 킬 (P135 → "앙헬로 발디" — 값은 바뀌되 캐리오버 유지):
    Error: 개명이 원본 실명의 토큰을 물고 왔다 — 성을 바꿔도 이름이 남으면 실존 인물이 그대로 특정된다(#483):
      - P135 "앙헬 고메스" → "앙헬로 발디" (토큰 "앙헬로" ~ 원본 "앙헬")
        at assertNoSelfNameCarryover (data/players/generate.ts:1927:11)

  ⚠️ 전역 부분문자열 금지 기각 근거(실측): 전역 기준 히트 20건 중 대부분이 무해한 범용 이름이다
    라스 ⊂ 라스무스 · 알렉 ⊂ 알렉산더 · 바스 ⊂ 바스토니 · 루카스 ⊂ 루카 · 니코데모 ⊂ 니코 …
  자기-원본 기준으로 좁히면 182행 전량에서 위반 = 정확히 2건(P135·P096) = 실제 결함만 남는다.

## 3. 발행물 축 — v2.8 동결 유지

  players.v2.8.json   md5 87a7d36635f4d06c707892ea2d58e3d2  (수리 전후 무이동 = 동결 계약 유지)
  players.v2.8.1.json md5 142dc80c52082f741a08e7c85d8f7f71  (신규)
  v2.8 대비 차이 = 4행뿐 · 표시명 밖 축 전부 동일 · 182행 · 활성 62 · 전역 유일 name/short

## 4. 게이트 (콜드)

  npm -w data test                          332 passed / 2 files      (기준선 322 → +10)
  ./gradlew test --rerun-tasks              1189 tests / 0 failures / 0 errors / 1 skipped
                                            (기준선 1188 → +1, PlayerCatalogV281SeedTest 6건)

## 5. 라이브 반영 (v3.26)

  진행 중 매치        0건 (재기동 전 확인)
  players_version     v2.8 → v2.8.1
  user_players        3565 → 3565            (무손실)
  수리 전 이름 4종    4 → 0
  v2.6 실명 잔존      0 → 0                  (표본 301 토큰, name·short 양축)
  전역 중복           0 / 0

  공개 경로 E2E (신규 가입 → GET /api/players):
    62행 · P096 "네스토르 페르잔"/"페르잔" · 실명 잔존 0 · 수리 전 이름 0
  보유자 축: P096 212명 · P082 5명 · P084 2명 · P135 3명 — 전부 새 이름

## 6. blocker B — 증빙 정정 + 분리

  evidence/483/AC4-live.log 의 "이름의 다른 출처가 없다" = 거짓 → 실측 스코프로 정정.
  reward_bundles.sections_json 박제 경로 = #485 (server-java 소관, owned-glob 밖).
  라이브 실측: 구실명 박제 15/21행 · 미확인 7/10행 · 현재 실제 노출 유저 0명(우연한 부재).

## 7. 자기 보고 정정

  - naming-log §2 "실바" 토큰 자기인용: P062 → P054 (베르나르두 실바)
  - 이전 보고의 "data 계약 12건" → 실제 14건 (패널이 지적, 지금은 v2.8.1 분 +10 = 24건)
