=== AC1.2 env 키셋 계약 ===

[T0] 계약 파일 존재·파싱
  ✗ infra/env-contract.txt 없음 — 권위 키셋 미신설

[T1] 이사 치명 키 3종 등재
  ✗ HMB_ADMIN_NICKNAME 미등재 — 이사 시 조용히 소실된다
  ✗ HMB_ADMIN_PASSWORD 미등재 — 이사 시 조용히 소실된다
  ✗ HMB_MATCH_AIJOBTIMEOUTSEC 미등재 — 이사 시 조용히 소실된다
  ✗ 등급 '' — 코드 기본 240 ≠ 라이브 600 이므로 carry 여야 한다

[T2] .env.example 이름 드리프트
  ✗ HMB_ADMIN_USERNAME 잔존 — 코드는 HMB_ADMIN_NICKNAME 을 읽는다(부팅 실패 유발)
  ✗ HMB_ADMIN_NICKNAME 미문서화

[T3] 계약의 모든 키가 .env.example 에 문서화(주석 자리표시자 허용)
  ✓ 누락 0

[T4] docker-compose 의 ${VAR} 전부 계약에 등재
  ✗ compose 는 쓰는데 계약에 없음: AI_CONCURRENCY AI_EXECUTOR AI_MODEL JAVA_HOST_PORT RUNNER_HOST_PORT SERVANT_TOKEN WEB_ORIGINS

[T5] 검사기 — 정상 .env 통과
  ✗ infra/check-env-contract.sh 없음 — 검사기 미신설

[T6] 검사기 — 계약 밖 키 검출

[T7] 검사기 — 값 비노출(카나리아)

[T8] 계약·예시에 실 시크릿 0
  ✓ hex 시크릿 패턴 0건

[T9] 스크립트 문법
  ✗ infra/check-env-contract.sh 없음
  ✓ env-contract.test.sh: syntax ok

=== 결과: PASS=3 FAIL=10 ===
