[bake] 로스터 검증 OK — 차별화 아트 18종(중복 0), home 11/11 · away 7/11
[bake] runner=http://127.0.0.1:8797 scan<=40
#0 seed=073383e5ea3b76119e49490d2a7a84b1 h1=5:2 h2=4:1 total=9:3 -
#1 seed=1e40a419336a5cce28a24d5b1dcfde79 h1=2:0 h2=4:1 total=6:1 -
#2 seed=02b8f8c25cc4edf64fa390f8fdedd60f h1=1:1 h2=2:2 total=3:3 -
#3 seed=cc79347ff88581d7e8d0eb4aa30b02f9 h1=1:2 h2=2:3 total=3:5 -
#4 seed=c6f5884fa612061471d1c3491d39f9d0 h1=4:0 h2=1:1 total=5:1 ACCEPT
#5 seed=e7f22852638cd7870d5da26b03ccfefb h1=5:2 h2=4:1 total=9:3 -
#6 seed=7b20d3a2e9d3e0b467ff6f612bd84633 h1=2:1 h2=1:3 total=3:4 -
#7 seed=5c2afcfd2452f37c388b13af31c407cf h1=1:0 h2=1:0 total=2:0 -
#8 seed=5fc4e3a5a2f72ef01805ad9bcf3a6a75 h1=0:2 h2=5:1 total=5:3 -
#9 seed=dd5db9eff0e043996696eea8c7e9d457 h1=0:1 h2=1:0 total=1:1 -
#10 seed=94e15e34e819f19a922b274c7d03f954 h1=0:2 h2=2:1 total=2:3 -
#11 seed=80a6d34db9cae149fee212909bbf306a h1=0:3 h2=2:2 total=2:5 -
#12 seed=1c064e31f829499452ca8dfc6956bbd4 h1=1:2 h2=3:3 total=4:5 -
#13 seed=a48056fbb556ea567099471ce1b4a6a2 h1=1:3 h2=0:1 total=1:4 -
#14 seed=0890d5a734e3c7e88b1cce965e2236f6 h1=4:2 h2=2:0 total=6:2 -
#15 seed=06ca0a4965a4b261dff59ba51262ff53 h1=1:2 h2=1:1 total=2:3 -
#16 seed=4f7ad345299ed1ce9296a8de033d5b38 h1=0:1 h2=2:0 total=2:1 -
#17 seed=49653204981b85508c0c16e9440f6027 h1=3:0 h2=0:0 total=3:0 -
#18 seed=8121eb6d48df698a7a5268c0841b66d9 h1=0:1 h2=2:0 total=2:1 -
#19 seed=e8737f64da83ca0f83f111e3df91f6f6 h1=0:4 h2=1:1 total=1:5 -
#20 seed=264eab84c00c2f5bdf5dbed57ba3609a h1=4:1 h2=1:1 total=5:2 -
#21 seed=01930dadca0bdac94a99b40b220903a6 h1=5:1 h2=2:2 total=7:3 -
#22 seed=2f10ef307a96809580724cb8a2d1b39a h1=4:0 h2=0:2 total=4:2 ACCEPT
#23 seed=be7b61995ecd2ab16228d0216d0d5b3b h1=0:3 h2=4:0 total=4:3 -
#24 seed=9d905fdb0cfa40186996d29e8a831754 h1=2:0 h2=2:3 total=4:3 -
#25 seed=5703abc0f558a28d59c77ce187ab8218 h1=1:1 h2=2:3 total=3:4 -
#26 seed=6aac38cbb5d905f78d6cc495ba1da236 h1=0:2 h2=1:1 total=1:3 -
#27 seed=8d4eb5dd269547ac8b1ef0cc08351905 h1=4:1 h2=0:2 total=4:3 -
#28 seed=d6b06c08dcea7231d4e5dc395daa6d6d h1=2:3 h2=3:2 total=5:5 -
#29 seed=e5937a8b0b5972a2819b41885b4745f2 h1=2:1 h2=3:0 total=5:1 ACCEPT
#30 seed=b21c31cf899518a13741b93de7f58c6e h1=2:4 h2=0:2 total=2:6 -
#31 seed=d24b1c8efe45ed729a9d53ae422359af h1=1:1 h2=1:1 total=2:2 -
#32 seed=4f3381949fb8385974602967a1851518 h1=0:3 h2=0:0 total=0:3 -
#33 seed=982fdff7a64c0e0b682ac129beae4b5a h1=1:3 h2=1:4 total=2:7 -
#34 seed=3e14df83ea09343dba386e88fac39644 h1=1:2 h2=2:2 total=3:4 -
#35 seed=4cc676a4e8f63b46207785e22c6ea1d1 h1=4:2 h2=1:2 total=5:4 -
#36 seed=fb53c79e54f7f6f824997ea0b88c745d h1=2:2 h2=2:2 total=4:4 -
#37 seed=6c5ed407a6914c68f41ee2df439d0ae0 h1=1:3 h2=2:5 total=3:8 -
#38 seed=e3a432ac36ab0597e125a368b68636d6 h1=2:2 h2=0:1 total=2:3 -
#39 seed=22754cc35bdfe70b6bad3f68d63e5476 h1=2:2 h2=1:1 total=3:3 -
[bake] SCAN_ONLY=1 — 쓰지 않고 종료
