
Running 40 tests using 1 worker

  ✓   1 [chromium] › e2e/p3-tutorial.spec.ts:301:3 › AC-B1 — 신규 유저 온보딩 › 신규 가입 → 홈 진입 시 튜토리얼이 자동으로 시작한다 (1.2s)
  ✓   2 [chromium] › e2e/p3-tutorial.spec.ts:311:3 › AC-B1 — 신규 유저 온보딩 › '다음' 으로 상점·도감·리그를 지나 마지막 홈 스텝(덱 진입)까지 간다 (753ms)
  ✓   3 [chromium] › e2e/p3-tutorial.spec.ts:349:3 › AC-B1 — 신규 유저 온보딩 › 건너뛰기 → 즉시 종료 (644ms)
  ✓   4 [chromium] › e2e/p3-tutorial.spec.ts:363:3 › AC-B1 — 신규 유저 온보딩 › 완료 기록이 있으면 시작 트리거가 있어도 다시 뜨지 않는다 (AC-B1 핵심) (1.9s)
  ✓   5 [chromium] › e2e/p3-tutorial.spec.ts:386:3 › AC-B1 — 신규 유저 온보딩 › 기존 유저 무회귀: 서버 필드 미발행 + isNew 아님 + 무기록 → 미노출 (560ms)
  ✓   6 [chromium] › e2e/p3-tutorial.spec.ts:393:3 › AC-B1 — 신규 유저 온보딩 › 다른 계정(userId)에는 완료 표시가 전이되지 않는다 (1.1s)
  ✓   7 [chromium] › e2e/p3-tutorial.spec.ts:406:3 › AC-B1 — 신규 유저 온보딩 › 서버 tutorialDone=true 면(발행 후) 신규 신호가 있어도 뜨지 않는다 (660ms)
  ✓   8 [chromium] › e2e/p3-tutorial.spec.ts:413:3 › AC-B1 — 신규 유저 온보딩 › 서버 tutorialDone=false 면 신규 신호 없이 로그인해도 시작한다 (608ms)
  ✓   9 [chromium] › e2e/p3-tutorial.spec.ts:419:3 › AC-B1 — 신규 유저 온보딩 › [내 정보]의 '튜토리얼 다시 보기' 로 언제든 다시 시작한다 (1.0s)
  ✓  10 [chromium] › e2e/p3-tutorial.spec.ts:436:3 › 접근성 — 키보드만으로 진행 › ESC 는 건너뛰기, Enter 는 다음 (584ms)
  ✓  11 [chromium] › e2e/p3-tutorial.spec.ts:455:5 › AC-B2 — 모바일/데스크탑 배치 › mobile(390px): 모든 스텝이 대상을 가리키고 가로 오버플로 0 (1.8s)
  ✓  12 [chromium] › e2e/p3-tutorial.spec.ts:455:5 › AC-B2 — 모바일/데스크탑 배치 › desktop(1280px): 모든 스텝이 대상을 가리키고 가로 오버플로 0 (1.9s)
  ✓  13 [chromium] › e2e/p3-tutorial.spec.ts:500:3 › AC-B2 — 모바일/데스크탑 배치 › 리사이즈(방향전환)하면 말풍선이 대상을 다시 따라간다 (880ms)
  ✓  14 [chromium] › e2e/p3-tutorial.spec.ts:519:3 › 유저 이탈 — 온보딩을 삼키지 않는다 (blocker-1 회귀 가드) › 하이라이트된 버튼을 눌러 화면을 떠나도 '완료'로 저장되지 않는다 (3.2s)
  ✓  15 [chromium] › e2e/p3-tutorial.spec.ts:539:3 › 유저 이탈 — 온보딩을 삼키지 않는다 (blocker-1 회귀 가드) › 떠났다가 홈으로 돌아오면 온보딩이 재개된다 (687ms)
  ✓  16 [chromium] › e2e/p3-tutorial.spec.ts:558:3 › 유저 이탈 — 온보딩을 삼키지 않는다 (blocker-1 회귀 가드) › 반대로 '건너뛰기'(명시적 종료)는 저장한다 (639ms)
  ✓  17 [chromium] › e2e/p3-tutorial.spec.ts:566:3 › 유저 이탈 — 온보딩을 삼키지 않는다 (blocker-1 회귀 가드) › 골든 패스(덱까지 끝까지) 의 '시작하기'(명시적 완료)는 저장한다 (1.6s)
  ✓  18 [chromium] › e2e/p3-tutorial.spec.ts:613:3 › 계정 전환 — 세션 상태 격리 (BLK-1 회귀 가드) › 재현 A: 세션만료 후 기존 유저가 로그인하면 튜토리얼이 뜨지 않는다 (3.4s)
  ✓  19 [chromium] › e2e/p3-tutorial.spec.ts:632:3 › 계정 전환 — 세션 상태 격리 (BLK-1 회귀 가드) › 재현 C: 로그아웃→신규가입 지연 창에서 ESC 해도 이전 계정에 저장되지 않는다 (1.6s)
  ✓  20 [chromium] › e2e/p3-tutorial.spec.ts:660:3 › 계정 전환 — 세션 상태 격리 (BLK-1 회귀 가드) › 재현 B: 세션만료 후 신규 유저는 1스텝부터 시작한다 (3.4s)
  ✓  21 [chromium] › e2e/p3-tutorial.spec.ts:683:3 › 못 본 스텝은 완료를 막는다 (BLK-2 회귀 가드) › 메뉴가 잠깐 사라져 건너뛰어진 스텝은 완료 전에 다시 나온다 (2.7s)
  ✓  22 [chromium] › e2e/p3-tutorial.spec.ts:719:3 › 못 본 스텝은 완료를 막는다 (BLK-2 회귀 가드) › 브라우저 뒤로가기로 돌아와도 못 본 스텝부터 재개된다 (3.3s)
  ✓  23 [chromium] › e2e/p3-tutorial.spec.ts:740:3 › 모달과의 공존 (blocker-2 회귀 가드) › 게임 탭으로 넘어가면 코치마크가 비켜나 모드 옵션을 가리지 않는다 (741ms)
  ✓  24 [chromium] › e2e/p3-tutorial.spec.ts:776:3 › 대상 부재 — 깨짐 0 › 대상 요소가 사라지면 그 스텝을 건너뛰고 다음으로 간다 (1.5s)
  ✓  25 [chromium] › e2e/p3-tutorial.spec.ts:790:3 › 대상 부재 — 깨짐 0 › 모든 대상이 사라지면 오버레이가 종료된다(멈추지 않는다) (669ms)
  ✓  26 [chromium] › e2e/p3-tutorial.spec.ts:845:3 › 덱 스텝 — 라우트 넘나듦 › (a) 하이라이트된 '덱 구성'을 누르면 덱 화면에서 그대로 이어진다 (1.6s)
  ✓  27 [chromium] › e2e/p3-tutorial.spec.ts:876:3 › 덱 스텝 — 라우트 넘나듦 › (b) 대상 부재로 내려간 튜토리얼은 저장 없이, 첫 덱 진입에서 이어져 완료된다 (2.7s)
  ✓  28 [chromium] › e2e/p3-tutorial.spec.ts:908:3 › 덱 스텝 — 라우트 넘나듦 › (c) 덱 화면에서 '건너뛰기' 해도 즉시 종료하고 저장한다 (1.6s)
  ✓  29 [chromium] › e2e/p3-tutorial.spec.ts:926:3 › 덱 스텝 — 느린 로딩 › 덱 화면이 늦게 그려지면 스킵하되 완료로 저장하지 않고, 재방문에서 다시 뜬다 (1.7s)
  ✓  30 [chromium] › e2e/p4-starter-onboarding.spec.ts:153:3 › #209 AC3 — 가입 최상위 지급 연출 › 카드는 덮인 채 열리고, 눌러야 공개된다 (661ms)
  ✓  31 [chromium] › e2e/p4-starter-onboarding.spec.ts:173:3 › #209 AC3 — 가입 최상위 지급 연출 › 모바일 390px — 카드·시트가 화면 안에 들어오고 가로 스크롤이 없다 (813ms)
  ✓  32 [chromium] › e2e/p4-starter-onboarding.spec.ts:196:3 › #209 AC3 — 가입 최상위 지급 연출 › 최상위 지급이 없는 계정은 카드 없이 문구만 — 동선이 막히지 않는다 (641ms)
  ✓  33 [chromium] › e2e/p4-starter-onboarding.spec.ts:208:3 › #209 AC2 — 튜토리얼 완료가 덱 지급을 트리거한다 › 건너뛰기 = 완료와 같은 저장 경로(정확히 1회 호출) (660ms)
  ✓  34 [chromium] › e2e/p4-starter-onboarding.spec.ts:227:3 › #209 AC2 — 튜토리얼 완료가 덱 지급을 트리거한다 › 덱 화면을 띄워 둔 채 완료하면 지급된 덱이 **리로드 없이** 채워진다 (1.1s)
  ✓  35 [chromium] › e2e/p493-full-journey.spec.ts:165:1 › A. 가입 → 온보딩 완주 → 행동 ①③④⑤ → 우편 수령·잔액 반영 (실터치) (3.2s)
  ✓  36 [chromium] › e2e/p493-full-journey.spec.ts:231:1 › B. 첫 경기 결과 열람(봉투 ack) → 보상② 우편 (1.6s)
  ✓  37 [chromium] › e2e/p493-practice-tutorial.spec.ts:103:1 › ① 온보딩 직후 [게임 시작] = 연습경기 튜토리얼 제안 모달 (1.1s)
  ✓  38 [chromium] › e2e/p493-practice-tutorial.spec.ts:117:1 › ② 수락 = 연습경기 생성 + 그 매치로 직행(모드 선택 화면을 거치지 않는다) (1.1s)
  ✓  39 [chromium] › e2e/p493-practice-tutorial.spec.ts:129:1 › ③ 거절 = 일반 흐름(/game)으로 가고 다시 묻지 않는다 (2.0s)
  ✓  40 [chromium] › e2e/p493-practice-tutorial.spec.ts:147:1 › ④ 래치 없는 기존 유저에게는 뜨지 않는다 (1.0s)

  40 passed (1.0m)
