> Task :compileJava
> Task :processResources
> Task :classes

> Task :compileTestJava
/Users/peter.park/spider20/hmb-online/server-java/src/test/java/online/hmb/NoticeByIdApiTest.java:171: warning: non-varargs call of varargs method with inexact argument type for last parameter;
        assertThat(res.getBody()).containsOnlyKeys(PUBLIC_KEYS);
                                                   ^
  cast to Object for a varargs call
  cast to Object[] for a non-varargs call and to suppress this warning
/Users/peter.park/spider20/hmb-online/server-java/src/test/java/online/hmb/NoticeByIdApiTest.java:188: warning: non-varargs call of varargs method with inexact argument type for last parameter;
        assertThat(res.getBody()).containsOnlyKeys(PUBLIC_KEYS);
                                                   ^
  cast to Object for a varargs call
  cast to Object[] for a non-varargs call and to suppress this warning
Note: Some input files use unchecked or unsafe operations.
Note: Recompile with -Xlint:unchecked for details.
2 warnings

> Task :processTestResources
> Task :testClasses
OpenJDK 64-Bit Server VM warning: Sharing is only supported for boot loader classes because bootstrap classpath has been appended
> Task :test

2026-08-13T00:03:54.973+09:00  INFO 32720 --- [hmb-server] [ionShutdownHook] com.zaxxer.hikari.HikariDataSource       : HikariPool-119 - Shutdown initiated...
2026-08-13T00:03:54.986+09:00  INFO 32720 --- [hmb-server] [ionShutdownHook] com.zaxxer.hikari.HikariDataSource       : HikariPool-119 - Shutdown completed.
2026-08-13T00:03:54.990+09:00  INFO 32720 --- [hmb-server] [ionShutdownHook] com.zaxxer.hikari.HikariDataSource       : HikariPool-120 - Shutdown initiated...
2026-08-13T00:03:55.000+09:00  INFO 32720 --- [hmb-server] [ionShutdownHook] com.zaxxer.hikari.HikariDataSource       : HikariPool-120 - Shutdown completed.
2026-08-13T00:03:55.004+09:00  INFO 32720 --- [hmb-server] [ionShutdownHook] com.zaxxer.hikari.HikariDataSource       : HikariPool-121 - Shutdown initiated...
2026-08-13T00:03:55.008+09:00  INFO 32720 --- [hmb-server] [ionShutdownHook] com.zaxxer.hikari.HikariDataSource       : HikariPool-121 - Shutdown completed.
2026-08-13T00:03:55.010+09:00  INFO 32720 --- [hmb-server] [ionShutdownHook] com.zaxxer.hikari.HikariDataSource       : HikariPool-122 - Shutdown initiated...
2026-08-13T00:03:55.020+09:00  INFO 32720 --- [hmb-server] [ionShutdownHook] com.zaxxer.hikari.HikariDataSource       : HikariPool-122 - Shutdown completed.
2026-08-13T00:03:55.021+09:00  INFO 32720 --- [hmb-server] [ionShutdownHook] com.zaxxer.hikari.HikariDataSource       : HikariPool-123 - Shutdown initiated...
2026-08-13T00:03:55.031+09:00  INFO 32720 --- [hmb-server] [ionShutdownHook] com.zaxxer.hikari.HikariDataSource       : HikariPool-123 - Shutdown completed.
2026-08-13T00:03:55.032+09:00  INFO 32720 --- [hmb-server] [ionShutdownHook] com.zaxxer.hikari.HikariDataSource       : HikariPool-124 - Shutdown initiated...
2026-08-13T00:03:55.046+09:00  INFO 32720 --- [hmb-server] [ionShutdownHook] com.zaxxer.hikari.HikariDataSource       : HikariPool-124 - Shutdown completed.
2026-08-13T00:03:55.046+09:00  INFO 32720 --- [hmb-server] [ionShutdownHook] com.zaxxer.hikari.HikariDataSource       : HikariPool-125 - Shutdown initiated...
2026-08-13T00:03:55.060+09:00  INFO 32720 --- [hmb-server] [ionShutdownHook] com.zaxxer.hikari.HikariDataSource       : HikariPool-125 - Shutdown completed.
2026-08-13T00:03:55.061+09:00  INFO 32720 --- [hmb-server] [ionShutdownHook] com.zaxxer.hikari.HikariDataSource       : HikariPool-126 - Shutdown initiated...
2026-08-13T00:03:55.074+09:00  INFO 32720 --- [hmb-server] [ionShutdownHook] com.zaxxer.hikari.HikariDataSource       : HikariPool-126 - Shutdown completed.
2026-08-13T00:03:55.075+09:00  INFO 32720 --- [hmb-server] [ionShutdownHook] com.zaxxer.hikari.HikariDataSource       : HikariPool-127 - Shutdown initiated...
2026-08-13T00:03:55.085+09:00  INFO 32720 --- [hmb-server] [ionShutdownHook] com.zaxxer.hikari.HikariDataSource       : HikariPool-127 - Shutdown completed.
2026-08-13T00:03:55.086+09:00  INFO 32720 --- [hmb-server] [ionShutdownHook] com.zaxxer.hikari.HikariDataSource       : HikariPool-128 - Shutdown initiated...
2026-08-13T00:03:55.097+09:00  INFO 32720 --- [hmb-server] [ionShutdownHook] com.zaxxer.hikari.HikariDataSource       : HikariPool-128 - Shutdown completed.
2026-08-13T00:03:55.098+09:00  INFO 32720 --- [hmb-server] [ionShutdownHook] com.zaxxer.hikari.HikariDataSource       : HikariPool-129 - Shutdown initiated...
2026-08-13T00:03:55.107+09:00  INFO 32720 --- [hmb-server] [ionShutdownHook] com.zaxxer.hikari.HikariDataSource       : HikariPool-129 - Shutdown completed.
2026-08-13T00:03:55.108+09:00  INFO 32720 --- [hmb-server] [ionShutdownHook] com.zaxxer.hikari.HikariDataSource       : HikariPool-130 - Shutdown initiated...
2026-08-13T00:03:55.119+09:00  INFO 32720 --- [hmb-server] [ionShutdownHook] com.zaxxer.hikari.HikariDataSource       : HikariPool-130 - Shutdown completed.
2026-08-13T00:03:55.121+09:00  INFO 32720 --- [hmb-server] [ionShutdownHook] com.zaxxer.hikari.HikariDataSource       : HikariPool-131 - Shutdown initiated...
2026-08-13T00:03:55.134+09:00  INFO 32720 --- [hmb-server] [ionShutdownHook] com.zaxxer.hikari.HikariDataSource       : HikariPool-131 - Shutdown completed.
2026-08-13T00:03:55.137+09:00  INFO 32720 --- [hmb-server] [ionShutdownHook] com.zaxxer.hikari.HikariDataSource       : HikariPool-132 - Shutdown initiated...
2026-08-13T00:03:55.153+09:00  INFO 32720 --- [hmb-server] [ionShutdownHook] com.zaxxer.hikari.HikariDataSource       : HikariPool-132 - Shutdown completed.
2026-08-13T00:03:55.157+09:00  INFO 32720 --- [hmb-server] [ionShutdownHook] com.zaxxer.hikari.HikariDataSource       : HikariPool-133 - Shutdown initiated...
2026-08-13T00:03:55.173+09:00  INFO 32720 --- [hmb-server] [ionShutdownHook] com.zaxxer.hikari.HikariDataSource       : HikariPool-133 - Shutdown completed.
2026-08-13T00:03:55.177+09:00  INFO 32720 --- [hmb-server] [ionShutdownHook] com.zaxxer.hikari.HikariDataSource       : HikariPool-134 - Shutdown initiated...
2026-08-13T00:03:55.193+09:00  INFO 32720 --- [hmb-server] [ionShutdownHook] com.zaxxer.hikari.HikariDataSource       : HikariPool-134 - Shutdown completed.
2026-08-13T00:03:55.197+09:00  INFO 32720 --- [hmb-server] [ionShutdownHook] com.zaxxer.hikari.HikariDataSource       : HikariPool-135 - Shutdown initiated...
2026-08-13T00:03:55.208+09:00  INFO 32720 --- [hmb-server] [ionShutdownHook] com.zaxxer.hikari.HikariDataSource       : HikariPool-135 - Shutdown completed.
2026-08-13T00:03:55.212+09:00  INFO 32720 --- [hmb-server] [ionShutdownHook] com.zaxxer.hikari.HikariDataSource       : HikariPool-136 - Shutdown initiated...
2026-08-13T00:03:55.219+09:00  INFO 32720 --- [hmb-server] [ionShutdownHook] com.zaxxer.hikari.HikariDataSource       : HikariPool-136 - Shutdown completed.
2026-08-13T00:03:55.223+09:00  INFO 32720 --- [hmb-server] [ionShutdownHook] com.zaxxer.hikari.HikariDataSource       : HikariPool-137 - Shutdown initiated...
2026-08-13T00:03:55.235+09:00  INFO 32720 --- [hmb-server] [ionShutdownHook] com.zaxxer.hikari.HikariDataSource       : HikariPool-137 - Shutdown completed.
2026-08-13T00:03:55.241+09:00  INFO 32720 --- [hmb-server] [ionShutdownHook] com.zaxxer.hikari.HikariDataSource       : HikariPool-138 - Shutdown initiated...
2026-08-13T00:03:55.263+09:00  INFO 32720 --- [hmb-server] [ionShutdownHook] com.zaxxer.hikari.HikariDataSource       : HikariPool-138 - Shutdown completed.
2026-08-13T00:03:55.267+09:00  INFO 32720 --- [hmb-server] [ionShutdownHook] com.zaxxer.hikari.HikariDataSource       : HikariPool-139 - Shutdown initiated...
2026-08-13T00:03:55.276+09:00  INFO 32720 --- [hmb-server] [ionShutdownHook] com.zaxxer.hikari.HikariDataSource       : HikariPool-139 - Shutdown completed.
2026-08-13T00:03:55.279+09:00  INFO 32720 --- [hmb-server] [ionShutdownHook] com.zaxxer.hikari.HikariDataSource       : HikariPool-140 - Shutdown initiated...
2026-08-13T00:03:55.289+09:00  INFO 32720 --- [hmb-server] [ionShutdownHook] com.zaxxer.hikari.HikariDataSource       : HikariPool-140 - Shutdown completed.
2026-08-13T00:03:55.293+09:00  INFO 32720 --- [hmb-server] [ionShutdownHook] com.zaxxer.hikari.HikariDataSource       : HikariPool-141 - Shutdown initiated...
2026-08-13T00:03:55.317+09:00  INFO 32720 --- [hmb-server] [ionShutdownHook] com.zaxxer.hikari.HikariDataSource       : HikariPool-141 - Shutdown completed.
2026-08-13T00:03:55.320+09:00  INFO 32720 --- [hmb-server] [ionShutdownHook] com.zaxxer.hikari.HikariDataSource       : HikariPool-142 - Shutdown initiated...
2026-08-13T00:03:55.335+09:00  INFO 32720 --- [hmb-server] [ionShutdownHook] com.zaxxer.hikari.HikariDataSource       : HikariPool-142 - Shutdown completed.
2026-08-13T00:03:55.338+09:00  INFO 32720 --- [hmb-server] [ionShutdownHook] com.zaxxer.hikari.HikariDataSource       : HikariPool-143 - Shutdown initiated...
2026-08-13T00:03:55.352+09:00  INFO 32720 --- [hmb-server] [ionShutdownHook] com.zaxxer.hikari.HikariDataSource       : HikariPool-143 - Shutdown completed.
2026-08-13T00:03:55.356+09:00  INFO 32720 --- [hmb-server] [ionShutdownHook] com.zaxxer.hikari.HikariDataSource       : HikariPool-144 - Shutdown initiated...
2026-08-13T00:03:55.371+09:00  INFO 32720 --- [hmb-server] [ionShutdownHook] com.zaxxer.hikari.HikariDataSource       : HikariPool-144 - Shutdown completed.
2026-08-13T00:03:55.374+09:00  INFO 32720 --- [hmb-server] [ionShutdownHook] com.zaxxer.hikari.HikariDataSource       : HikariPool-145 - Shutdown initiated...
2026-08-13T00:03:55.393+09:00  INFO 32720 --- [hmb-server] [ionShutdownHook] com.zaxxer.hikari.HikariDataSource       : HikariPool-145 - Shutdown completed.
2026-08-13T00:03:55.397+09:00  INFO 32720 --- [hmb-server] [ionShutdownHook] com.zaxxer.hikari.HikariDataSource       : HikariPool-146 - Shutdown initiated...
2026-08-13T00:03:55.411+09:00  INFO 32720 --- [hmb-server] [ionShutdownHook] com.zaxxer.hikari.HikariDataSource       : HikariPool-146 - Shutdown completed.
2026-08-13T00:03:55.416+09:00  INFO 32720 --- [hmb-server] [ionShutdownHook] com.zaxxer.hikari.HikariDataSource       : HikariPool-147 - Shutdown initiated...
2026-08-13T00:03:55.421+09:00  INFO 32720 --- [hmb-server] [ionShutdownHook] com.zaxxer.hikari.HikariDataSource       : HikariPool-147 - Shutdown completed.
2026-08-13T00:03:55.425+09:00  INFO 32720 --- [hmb-server] [ionShutdownHook] com.zaxxer.hikari.HikariDataSource       : HikariPool-148 - Shutdown initiated...
2026-08-13T00:03:55.428+09:00  INFO 32720 --- [hmb-server] [ionShutdownHook] com.zaxxer.hikari.HikariDataSource       : HikariPool-148 - Shutdown completed.
2026-08-13T00:03:55.431+09:00  INFO 32720 --- [hmb-server] [ionShutdownHook] com.zaxxer.hikari.HikariDataSource       : HikariPool-149 - Shutdown initiated...
2026-08-13T00:03:55.438+09:00  INFO 32720 --- [hmb-server] [ionShutdownHook] com.zaxxer.hikari.HikariDataSource       : HikariPool-149 - Shutdown completed.
2026-08-13T00:03:55.441+09:00  INFO 32720 --- [hmb-server] [ionShutdownHook] com.zaxxer.hikari.HikariDataSource       : HikariPool-150 - Shutdown initiated...
2026-08-13T00:03:55.446+09:00  INFO 32720 --- [hmb-server] [ionShutdownHook] com.zaxxer.hikari.HikariDataSource       : HikariPool-150 - Shutdown completed.

[Incubating] Problems report is available at: file:///Users/peter.park/spider20/hmb-online/server-java/build/reports/problems/problems-report.html

BUILD SUCCESSFUL in 2m 37s
5 actionable tasks: 5 executed
EXIT=0

[summary] tests=1216 failures=0 errors=0 skipped=1 classes=176
