=== HMB S1 엔진 변주(다이나믹) 전/후 대조 — AC-variety ===
before=engine@0.8.0-baseline(변주 OFF)  after=engine@0.28.0(변주 ON)  seed 4815162342
baseline lastHash=341d786b  (0.8.0 는 골 후/후반/개시 킥오프 포메이션 리셋으로 이전 앵커와 불일치가 정상)
variety(after) lastHash=f899e085

지표(양팀 합/평균)               before      after       해석
평균 드리블 체인(틱)              1.6         1.5         롱드리블(연속 돌파)
최대 드리블 체인(틱)              12          11          
드리블 체인 수                  390         379         
수비 오버랩(횟수)                259         301         돌발 전진(뒤공간 노출)
수비 오버랩(player-틱)          921         1712        
위치 분산(RMS m)              15.2        15.4        슬롯 고착 완화(로밍)

슛(시도)                     21          20          
유효슛                       11          8           세이브 상황↑
세이브                       5           4           
off_target                10          12          
1대1 찬스                    0           1           하이라이트
슛→코너 전환                   1           4           
슛→골킥 전환                   9           8           
코너                        4           5           
골                         6           4           
