<!doctype html>
<html lang="en">
  <head>
    <meta charset="UTF-8" />
    <link rel="icon" type="image/svg+xml" href="/favicon.svg" />
    <meta name="viewport" content="width=device-width, initial-scale=1.0" />
    <title>[A] 경니시우스 합류 안내</title>
    <script type="module" crossorigin src="/assets/index-BS05tPu6.js"></script>
    <link rel="stylesheet" crossorigin href="/assets/index-Ca1b7AWY.css">
  
    <meta name="description" content="LEGEND 등급 공격수. 최전방에서 버티고, 달리고, 동료를 살립니다. 등지고 받아 내주는 연계 — 최전방의 기준점 슈팅 90 · 태클 90 — 마무리도, 전방 압박도 지금 상점에서 만나보세요." />
    <meta property="og:type" content="article" />
    <meta property="og:site_name" content="HMB 온라인" />
    <meta property="og:title" content="[A] 경니시우스 합류 안내" />
    <meta property="og:description" content="LEGEND 등급 공격수. 최전방에서 버티고, 달리고, 동료를 살립니다. 등지고 받아 내주는 연계 — 최전방의 기준점 슈팅 90 · 태클 90 — 마무리도, 전방 압박도 지금 상점에서 만나보세요." />
    <meta property="og:url" content="http://127.0.0.1:18877/share/notice/01J5LIVE0000000000000000AB" />
    <meta property="og:image" content="http://127.0.0.1:18877/notice/hero-kyeongnicius.webp" />
    <meta name="twitter:card" content="summary_large_image" />
    <meta name="twitter:title" content="[A] 경니시우스 합류 안내" />
    <meta name="twitter:description" content="LEGEND 등급 공격수. 최전방에서 버티고, 달리고, 동료를 살립니다. 등지고 받아 내주는 연계 — 최전방의 기준점 슈팅 90 · 태클 90 — 마무리도, 전방 압박도 지금 상점에서 만나보세요." />
    <meta name="twitter:image" content="http://127.0.0.1:18877/notice/hero-kyeongnicius.webp" />
  </head>
  <body>
    <div id="root"></div>
  </body>
</html>
